// Jest Snapshot v1, https://goo.gl/fbAQLP

exports[`<App /> debe desplegar correctamente 1`] = `
<h1>
  Hooks App
</h1>
`;
