// Jest Snapshot v1, https://goo.gl/fbAQLP

exports[`<HomePage /> debe desplegar correctamente 1`] = `<HomePage />`;
