// Jest Snapshot v1, https://goo.gl/fbAQLP

exports[`<LoginPage /> debe desplegar correctamente 1`] = `<LoginPage />`;
