// Jest Snapshot v1, https://goo.gl/fbAQLP

exports[`<AppRouter /> debe desplegar correctamente 1`] = `<AppRouter />`;
