// Jest Snapshot v1, https://goo.gl/fbAQLP

exports[`<TodoList /> debe desplegar correctamente 1`] = `
<ul
  className="list-group list-group-flush"
>
  <TodoItem
    handleDelete={[MockFunction]}
    handleToggle={[MockFunction]}
    idx={0}
    key="1"
    todo={
      Object {
        "description": "Aprender Vue",
        "done": false,
        "id": 1,
      }
    }
  />
  <TodoItem
    handleDelete={[MockFunction]}
    handleToggle={[MockFunction]}
    idx={1}
    key="2"
    todo={
      Object {
        "description": "Aprender Angular",
        "done": false,
        "id": 2,
      }
    }
  />
  <TodoItem
    handleDelete={[MockFunction]}
    handleToggle={[MockFunction]}
    idx={2}
    key="3"
    todo={
      Object {
        "description": "Aprender Jest",
        "done": false,
        "id": 3,
      }
    }
  />
</ul>
`;
