// Jest Snapshot v1, https://goo.gl/fbAQLP

exports[`<TodoForm /> debe desplegar correctamente 1`] = `
<form
  onSubmit={[Function]}
>
  <input
    autoComplete="off"
    className="form-control"
    name="description"
    onChange={[Function]}
    placeholder="DescripciÃ³n Tarea"
    type="text"
    value=""
  />
  <button
    className="btn btn-outline-primary btn-block mt-2 mb-2"
    type="submit"
  >
    Agregar
  </button>
</form>
`;
