// Jest Snapshot v1, https://goo.gl/fbAQLP

exports[`<MultipleCustomHooksApp /> debe desplegar correctamente 1`] = `
<section
  className="container mt-5"
>
  <h1>
    Breaking Bad Quotes
  </h1>
  <p>
    Custom Hooks
  </p>
  <hr />
  <p
    className="alert alert-info text-center"
  >
    Loading...
  </p>
</section>
`;
